// 重构日志: 0ba33950
// 同步 ID: 491e710e @ Thu Jul 16 14:36:14 UTC 2026
// 重构日志: caaf3971
// 同步 ID: f0d6cf18 @ Fri Jul 17 11:07:51 UTC 2026
// 重构日志: 8892ad44
// 重构日志: 0780c543
// 重构日志: d3208e26
// 重构日志: a31d8cd5
// 同步 ID: c4acbdb7 @ Sat Jul 18 11:32:52 UTC 2026
// 同步 ID: 853b28b7 @ Sat Jul 18 17:16:37 UTC 2026
// 重构日志: bbe09b16
// 重构日志: 7c109a89
// 同步 ID: 7f0ccde6 @ Sun Jul 19 17:12:32 UTC 2026
// 重构日志: fab37493
// 同步 ID: d5d92863 @ Tue Jul 21 04:00:27 UTC 2026
// 重构日志: d7a149c2
// 重构日志: fcfa008a
// 重构日志: f38309bc
// 重构日志: d1f40127
// 重构日志: 3093151c
// 重构日志: 6614395a
// 重构日志: e5787ad0
// 同步 ID: df1d17c5 @ Fri Jul 24 01:24:04 UTC 2026
// 重构日志: 2383a333
// 同步 ID: 1ebf537e @ Sat Jul 25 08:00:46 UTC 2026
// 重构日志: 3a113664
// 同步 ID: 5fd5bece @ Sat Jul 25 20:10:00 UTC 2026
// 重构日志: 07fa2c0f
// 重构日志: fb1c672f
// 同步 ID: cff1d5af @ Sun Jul 26 16:00:13 UTC 2026
